[wiki.t-firefly.com/en/ROC-RK3399-PC-Pro/preface.html]
[backblue.gif]
[fade.gif]
[index.html]
[wiki.t-firefly.com/en/ROC-RK3399-PC-Pro/_static/favicon.ico]
[wiki.t-firefly.com/en/ROC-RK3399-PC-Pro/_static/css/themec652.css]
[wiki.t-firefly.com/en/ROC-RK3399-PC-Pro/_static/pygments.css]
[wiki.t-firefly.com/en/ROC-RK3399-PC-Pro/genindex.html]
[wiki.t-firefly.com/en/ROC-RK3399-PC-Pro/search.html]
[wiki.t-firefly.com/en/ROC-RK3399-PC-Pro/started.html]
[wiki.t-firefly.com/en/ROC-RK3399-PC-Pro/index.html]
[wiki.t-firefly.com/en/ROC-RK3399-PC-Pro/_static/js/modernizr.min.js]
[wiki.t-firefly.com/en/ROC-RK3399-PC-Pro/_static/Logo.png]
[wiki.t-firefly.com/en/ROC-RK3399-PC-Pro/debug.html]
[wiki.t-firefly.com/en/ROC-RK3399-PC-Pro/01-bootmode.html]
[wiki.t-firefly.com/en/ROC-RK3399-PC-Pro/FW_Changelog.html]
[wiki.t-firefly.com/en/ROC-RK3399-PC-Pro/02-upgrade_table.html]
[wiki.t-firefly.com/en/ROC-RK3399-PC-Pro/linux_compile_gpt.html]
[wiki.t-firefly.com/en/ROC-RK3399-PC-Pro/ubuntu_desktop_support.html]
[wiki.t-firefly.com/en/ROC-RK3399-PC-Pro/ubuntu_minimal_support.html]
[wiki.t-firefly.com/en/ROC-RK3399-PC-Pro/more_Linux_OS_support.html]
[wiki.t-firefly.com/en/ROC-RK3399-PC-Pro/more_technical_cases_show.html]
[wiki.t-firefly.com/en/ROC-RK3399-PC-Pro/firefly_linux_guide.html]
[wiki.t-firefly.com/en/ROC-RK3399-PC-Pro/adb_use.html]
[wiki.t-firefly.com/en/ROC-RK3399-PC-Pro/prepare_compile_android.html]
[wiki.t-firefly.com/en/ROC-RK3399-PC-Pro/compile_android7.1_industry_firmware.html]
[wiki.t-firefly.com/en/ROC-RK3399-PC-Pro/compile_android10.0_firmware.html]
[wiki.t-firefly.com/en/ROC-RK3399-PC-Pro/customize_android_firmware.html]
[wiki.t-firefly.com/en/ROC-RK3399-PC-Pro/uboot_introduction.html]
[wiki.t-firefly.com/en/ROC-RK3399-PC-Pro/driver_adc.html]
[wiki.t-firefly.com/en/ROC-RK3399-PC-Pro/driver_gpio.html]
[wiki.t-firefly.com/en/ROC-RK3399-PC-Pro/driver_i2c.html]
[wiki.t-firefly.com/en/ROC-RK3399-PC-Pro/driver_ir.html]
[wiki.t-firefly.com/en/ROC-RK3399-PC-Pro/driver_lcd.html]
[wiki.t-firefly.com/en/ROC-RK3399-PC-Pro/driver_led.html]
[wiki.t-firefly.com/en/ROC-RK3399-PC-Pro/driver_pwm.html]
[wiki.t-firefly.com/en/ROC-RK3399-PC-Pro/driver_spi.html]
[wiki.t-firefly.com/en/ROC-RK3399-PC-Pro/driver_timer.html]
[wiki.t-firefly.com/en/ROC-RK3399-PC-Pro/driver_uart.html]
[wiki.t-firefly.com/en/ROC-RK3399-PC-Pro/module_serial.html]
[wiki.t-firefly.com/en/ROC-RK3399-PC-Pro/module_display.html]
[wiki.t-firefly.com/en/ROC-RK3399-PC-Pro/module_camera.html]
[wiki.t-firefly.com/en/ROC-RK3399-PC-Pro/module_wireless.html]
[wiki.t-firefly.com/en/ROC-RK3399-PC-Pro/module_12V_adapter.html]
[wiki.t-firefly.com/en/ROC-RK3399-PC-Pro/module_ir.html]
[wiki.t-firefly.com/en/ROC-RK3399-PC-Pro/module_cooling.html]
[wiki.t-firefly.com/en/ROC-RK3399-PC-Pro/faqs.html]
[wiki.t-firefly.com/en/ROC-RK3399-PC-Pro/hardware_doc.html]
[en.t-firefly.com/upload/portal/20211215/169f38798b9bd74f729d3a37766fa3b2.png]
[wiki.t-firefly.com/en/ROC-RK3399-PC-Pro/_sources/preface.md.txt]
[wiki.t-firefly.com/en/ROC-RK3399-PC-Pro/05-upgrade_firmware_sd.html]
[wiki.t-firefly.com/en/ROC-RK3399-PC-Pro/sip_manual.html]
[hm.baidu.com/hmfe8c.js]
[wiki.t-firefly.com/en/ROC-RK3399-PC-Pro/_static/jquery.js]
[wiki.t-firefly.com/en/ROC-RK3399-PC-Pro/_static/underscore.js]
[wiki.t-firefly.com/en/ROC-RK3399-PC-Pro/_static/doctools.js]
[wiki.t-firefly.com/en/ROC-RK3399-PC-Pro/_static/language_data.js]
[wiki.t-firefly.com/en/ROC-RK3399-PC-Pro/_static/js/theme.js]
[wiki.t-firefly.com/en/ROC-RK3399-PC-Pro/preface.html]
[wiki.t-firefly.com/en/ROC-RK3399-PC-Pro/_static/js/zoomsl.min.js]
[wiki.t-firefly.com/en/ROC-RK3399-PC-Pro/_static/fonts/fontawesome-webfont3e6e.eot]
[wiki.t-firefly.com/en/ROC-RK3399-PC-Pro/_static/fonts/fontawesome-webfontd41d.eot]
[wiki.t-firefly.com/en/ROC-RK3399-PC-Pro/_static/fonts/fontawesome-webfont3e6e.woff]
[wiki.t-firefly.com/en/ROC-RK3399-PC-Pro/_static/fonts/fontawesome-webfont3e6e.ttf]
[wiki.t-firefly.com/en/ROC-RK3399-PC-Pro/_static/fonts/Inconsolata-Regular.ttf]
[wiki.t-firefly.com/en/ROC-RK3399-PC-Pro/_static/fonts/Inconsolata-Bold.ttf]
[wiki.t-firefly.com/en/ROC-RK3399-PC-Pro/_static/fonts/Lato-Regular.ttf]
[wiki.t-firefly.com/en/ROC-RK3399-PC-Pro/_static/fonts/Lato-Bold.ttf]
[wiki.t-firefly.com/en/ROC-RK3399-PC-Pro/_static/fonts/Lato-Italic.ttf]
[wiki.t-firefly.com/en/ROC-RK3399-PC-Pro/_static/fonts/Lato-BoldItalic.ttf]
[wiki.t-firefly.com/en/ROC-RK3399-PC-Pro/_static/fonts/RobotoSlab-Regular.ttf]
[wiki.t-firefly.com/en/ROC-RK3399-PC-Pro/_static/css/themec652.css]
[wiki.t-firefly.com/en/ROC-RK3399-PC-Pro/_static/fonts/RobotoSlab-Bold.ttf]
[wiki.t-firefly.com/en/ROC-RK3399-PC-Pro/_static/pygments.css]
[wiki.t-firefly.com/en/ROC-RK3399-PC-Pro/genindex.html]
[wiki.t-firefly.com/en/ROC-RK3399-PC-Pro/_static/searchtools.js]
[wiki.t-firefly.com/en/ROC-RK3399-PC-Pro/search.html]
[wiki.t-firefly.com/en/ROC-RK3399-PC-Pro/searchindex.js]
[wiki.t-firefly.com/en/ROC-RK3399-PC-Pro/_sources/started.md.txt]
[wiki.t-firefly.com/en/ROC-RK3399-PC-Pro/_images/front_interface_en.png]
[wiki.t-firefly.com/en/ROC-RK3399-PC-Pro/_images/back_interface_en.png]
[wiki.t-firefly.com/en/ROC-RK3399-PC-Pro/started.html]
[wiki.t-firefly.com/en/ROC-RK3399-PC-Pro/_sources/index.rst.txt]
[wiki.t-firefly.com/en/ROC-RK3399-PC-Pro/index.html]
[wiki.t-firefly.com/en/ROC-RK3399-PC-Pro/_sources/debug.md.txt]
[wiki.t-firefly.com/en/ROC-RK3399-PC-Pro/_images/debug_connection.en.jpg]
[wiki.t-firefly.com/en/ROC-RK3399-PC-Pro/_images/debug_find_com.jpg]
[wiki.t-firefly.com/en/ROC-RK3399-PC-Pro/_images/debug_set_MobaXterm1.png]
[wiki.t-firefly.com/en/ROC-RK3399-PC-Pro/debug.html]
[wiki.t-firefly.com/en/ROC-RK3399-PC-Pro/_images/debug_set_MobaXterm2.png]
[wiki.t-firefly.com/en/ROC-RK3399-PC-Pro/_sources/01-bootmode.md.txt]
[wiki.t-firefly.com/en/ROC-RK3399-PC-Pro/_images/working_mode_en.png]
[wiki.t-firefly.com/en/ROC-RK3399-PC-Pro/04-maskrom_mode.html]
[wiki.t-firefly.com/en/ROC-RK3399-PC-Pro/loader_mode.html]
[wiki.t-firefly.com/en/ROC-RK3399-PC-Pro/Windows_upgrade_firmware.html]
[wiki.t-firefly.com/en/ROC-RK3399-PC-Pro/01-bootmode.html]
[wiki.t-firefly.com/en/ROC-RK3399-PC-Pro/Linux_upgrade_firmware.html]
[wiki.t-firefly.com/en/ROC-RK3399-PC-Pro/_sources/FW_Changelog.md.txt]
[wiki.t-firefly.com/en/ROC-RK3399-PC-Pro/ubuntu_18_04_Lxde_desktop.html]
[wiki.t-firefly.com/en/ROC-RK3399-PC-Pro/FW_Changelog.html]
[wiki.t-firefly.com/en/ROC-RK3399-PC-Pro/ubuntu_18_04_minimal.html]
[wiki.t-firefly.com/en/ROC-RK3399-PC-Pro/_sources/02-upgrade_table.md.txt]
[wiki.t-firefly.com/en/ROC-RK3399-PC-Pro/_images/maskrom.jpg]
[wiki.t-firefly.com/en/ROC-RK3399-PC-Pro/_images/upgrade-table.en.jpg]
[wiki.t-firefly.com/en/ROC-RK3399-PC-Pro/02-upgrade_table.html]
[wiki.t-firefly.com/en/ROC-RK3399-PC-Pro/_sources/linux_compile_gpt.md.txt]
[wiki.t-firefly.com/en/ROC-RK3399-PC-Pro/linux_compile_gpt.html]
[wiki.t-firefly.com/en/ROC-RK3399-PC-Pro/03-upgrade_firmware.html]
[wiki.t-firefly.com/en/ROC-RK3399-PC-Pro/_sources/ubuntu_desktop_support.md.txt]
[wiki.t-firefly.com/en/ROC-RK3399-PC-Pro/ubuntu_desktop_support.html]
[wiki.t-firefly.com/en/ROC-RK3399-PC-Pro/ubuntu_manual.html]
[wiki.t-firefly.com/en/ROC-RK3399-PC-Pro/_sources/ubuntu_minimal_support.md.txt]
[wiki.t-firefly.com/en/ROC-RK3399-PC-Pro/ubuntu_minimal_support.html]
[wiki.t-firefly.com/en/ROC-RK3399-PC-Pro/_sources/more_Linux_OS_support.md.txt]
[wiki.t-firefly.com/en/ROC-RK3399-PC-Pro/buildroot_develop.html]
[wiki.t-firefly.com/en/ROC-RK3399-PC-Pro/_images/buildroot_logo.png]
[wiki.t-firefly.com/en/ROC-RK3399-PC-Pro/_images/ubuntu_18.04_logo.jpg]
[wiki.t-firefly.com/en/ROC-RK3399-PC-Pro/_images/ubuntu_20.04_logo.png]
[wiki.t-firefly.com/en/ROC-RK3399-PC-Pro/yocto_develop.html]
[wiki.t-firefly.com/en/ROC-RK3399-PC-Pro/_images/YoctoProject_logo.png]
[wiki.t-firefly.com/en/ROC-RK3399-PC-Pro/_images/debian-logo.png]
[wiki.t-firefly.com/en/ROC-RK3399-PC-Pro/_images/centos8_logo.png]
[wiki.t-firefly.com/en/ROC-RK3399-PC-Pro/linux_LibreELEC.html]
[wiki.t-firefly.com/en/ROC-RK3399-PC-Pro/more_Linux_OS_support.html]
[wiki.t-firefly.com/en/ROC-RK3399-PC-Pro/_images/LibreELEC_logo.png]
[wiki.t-firefly.com/en/ROC-RK3399-PC-Pro/_sources/more_technical_cases_show.md.txt]
[wiki.t-firefly.com/en/ROC-RK3399-PC-Pro/export_dev_sf.html]
[wiki.t-firefly.com/en/ROC-RK3399-PC-Pro/OpenCV_support.html]
[wiki.t-firefly.com/en/ROC-RK3399-PC-Pro/more_technical_cases_show.html]
[wiki.t-firefly.com/en/ROC-RK3399-PC-Pro/_sources/firefly_linux_guide.md.txt]
[wiki.t-firefly.com/en/ROC-RK3399-PC-Pro/firefly_linux_guide.html]
[wiki.t-firefly.com/en/ROC-RK3399-PC-Pro/_sources/adb_use.md.txt]
[wiki.t-firefly.com/en/ROC-RK3399-PC-Pro/adb_use.html]
[wiki.t-firefly.com/en/ROC-RK3399-PC-Pro/_sources/prepare_compile_android.md.txt]
[wiki.t-firefly.com/en/ROC-RK3399-PC-Pro/prepare_compile_android.html]
[wiki.t-firefly.com/en/ROC-RK3399-PC-Pro/_sources/compile_android7.1_industry_firmware.md.txt]
[wiki.t-firefly.com/en/ROC-RK3399-PC-Pro/compile_android7.1_industry_firmware.html]
[wiki.t-firefly.com/en/ROC-RK3399-PC-Pro/compile_android7.1_firmware.html]
[wiki.t-firefly.com/en/ROC-RK3399-PC-Pro/_sources/compile_android10.0_firmware.md.txt]
[wiki.t-firefly.com/en/ROC-RK3399-PC-Pro/compile_android10.0_firmware.html]
[wiki.t-firefly.com/en/ROC-RK3399-PC-Pro/_sources/customize_android_firmware.md.txt]
[wiki.t-firefly.com/en/ROC-RK3399-PC-Pro/customize_android_firmware.html]
[wiki.t-firefly.com/en/ROC-RK3399-PC-Pro/_sources/uboot_introduction.md.txt]
[wiki.t-firefly.com/en/ROC-RK3399-PC-Pro/_images/uboot_download.jpg]
[wiki.t-firefly.com/en/ROC-RK3399-PC-Pro/uboot_introduction.html]
[wiki.t-firefly.com/en/ROC-RK3399-PC-Pro/_sources/driver_adc.md.txt]
[wiki.t-firefly.com/en/ROC-RK3399-PC-Pro/driver_adc.html]
[wiki.t-firefly.com/en/ROC-RK3399-PC-Pro/_sources/driver_gpio.md.txt]
[wiki.t-firefly.com/en/ROC-RK3399-PC-Pro/driver_gpio.html]
[wiki.t-firefly.com/en/ROC-RK3399-PC-Pro/_images/gpio_power_domain.jpg]
[wiki.t-firefly.com/en/ROC-RK3399-PC-Pro/_sources/driver_i2c.md.txt]
[wiki.t-firefly.com/en/ROC-RK3399-PC-Pro/driver_i2c.html]
[wiki.t-firefly.com/en/ROC-RK3399-PC-Pro/_sources/driver_ir.md.txt]
[wiki.t-firefly.com/en/ROC-RK3399-PC-Pro/_images/ir.jpg]
[wiki.t-firefly.com/en/ROC-RK3399-PC-Pro/driver_ir.html]
[wiki.t-firefly.com/en/ROC-RK3399-PC-Pro/_sources/driver_lcd.md.txt]
[wiki.t-firefly.com/en/ROC-RK3399-PC-Pro/_images/panel_mipi101.jpg]
[wiki.t-firefly.com/en/ROC-RK3399-PC-Pro/_images/panel_edp101.jpg]
[wiki.t-firefly.com/en/ROC-RK3399-PC-Pro/driver_lcd.html]
[wiki.t-firefly.com/en/ROC-RK3399-PC-Pro/_sources/driver_led.md.txt]
[wiki.t-firefly.com/en/ROC-RK3399-PC-Pro/driver_led.html]
[wiki.t-firefly.com/en/ROC-RK3399-PC-Pro/_sources/driver_pwm.md.txt]
[wiki.t-firefly.com/en/ROC-RK3399-PC-Pro/driver_pwm.html]
[wiki.t-firefly.com/en/ROC-RK3399-PC-Pro/_sources/driver_spi.md.txt]
[wiki.t-firefly.com/en/ROC-RK3399-PC-Pro/_images/spi_waveform.en.jpg]
[wiki.t-firefly.com/en/ROC-RK3399-PC-Pro/_images/spi_hardware_connection.jpg]
[wiki.t-firefly.com/en/ROC-RK3399-PC-Pro/driver_spi.html]
[wiki.t-firefly.com/en/ROC-RK3399-PC-Pro/_sources/driver_timer.md.txt]
[wiki.t-firefly.com/en/ROC-RK3399-PC-Pro/_images/timer_interrupt.jpg]
[wiki.t-firefly.com/en/ROC-RK3399-PC-Pro/_images/timer_register.jpg]
[wiki.t-firefly.com/en/ROC-RK3399-PC-Pro/driver_timer.html]
[wiki.t-firefly.com/en/ROC-RK3399-PC-Pro/_sources/driver_uart.md.txt]
[wiki.t-firefly.com/en/ROC-RK3399-PC-Pro/driver_uart.html]
[wiki.t-firefly.com/en/ROC-RK3399-PC-Pro/_sources/module_serial.md.txt]
[wiki.t-firefly.com/en/ROC-RK3399-PC-Pro/_images/module_serial_list.en.jpg]
[wiki.t-firefly.com/en/ROC-RK3399-PC-Pro/module_serial.html]
[wiki.t-firefly.com/en/ROC-RK3399-PC-Pro/_sources/module_display.md.txt]
[wiki.t-firefly.com/en/ROC-RK3399-PC-Pro/module_display.html]
[wiki.t-firefly.com/en/ROC-RK3399-PC-Pro/_sources/module_camera.md.txt]
[wiki.t-firefly.com/en/ROC-RK3399-PC-Pro/_images/module_camera_ov13850-1.jpg]
[wiki.t-firefly.com/en/ROC-RK3399-PC-Pro/_images/module_camera_ov13850-2.jpg]
[wiki.t-firefly.com/en/ROC-RK3399-PC-Pro/_images/module_camera_connection.jpg]
[wiki.t-firefly.com/en/ROC-RK3399-PC-Pro/_images/module_camera_photographs.png]
[wiki.t-firefly.com/en/ROC-RK3399-PC-Pro/_images/cam_8ms1m_front.jpg]
[wiki.t-firefly.com/en/ROC-RK3399-PC-Pro/_images/cam_8ms1m_back.jpg]
[wiki.t-firefly.com/en/ROC-RK3399-PC-Pro/_images/camera_8ms1m.jpg]
[wiki.t-firefly.com/en/ROC-RK3399-PC-Pro/_images/camera_8ms1m_shoot.jpg]
[wiki.t-firefly.com/en/ROC-RK3399-PC-Pro/_images/camera_SV-TAYSH-TQ.jpg]
[wiki.t-firefly.com/en/ROC-RK3399-PC-Pro/_images/camera_SV-TAYSH-TQ_connect.en.jpg]
[wiki.t-firefly.com/en/ROC-RK3399-PC-Pro/_images/camera_SV-TAYSH-TQ_shoot.png]
[wiki.t-firefly.com/en/ROC-RK3399-PC-Pro/module_camera.html]
[wiki.t-firefly.com/en/ROC-RK3399-PC-Pro/_sources/module_wireless.md.txt]
[wiki.t-firefly.com/en/ROC-RK3399-PC-Pro/_images/module_wireless_ec20.png]
[wiki.t-firefly.com/en/ROC-RK3399-PC-Pro/_images/module_wireless_usb.jpg]
[wiki.t-firefly.com/en/ROC-RK3399-PC-Pro/_images/module_wireless_ec200t.jpg]
[wiki.t-firefly.com/en/ROC-RK3399-PC-Pro/_images/module_wireless_gps_delincomm_en.jpg]
[wiki.t-firefly.com/en/ROC-RK3399-PC-Pro/_images/module_wireless_gps.en.jpg]
[wiki.t-firefly.com/en/ROC-RK3399-PC-Pro/module_wireless.html]
[wiki.t-firefly.com/en/ROC-RK3399-PC-Pro/_sources/module_12V_adapter.md.txt]
[wiki.t-firefly.com/en/ROC-RK3399-PC-Pro/_images/module_power_adapter1.png]
[wiki.t-firefly.com/en/ROC-RK3399-PC-Pro/module_12V_adapter.html]
[wiki.t-firefly.com/en/ROC-RK3399-PC-Pro/_images/module_power_adapter2.png]
[wiki.t-firefly.com/en/ROC-RK3399-PC-Pro/_sources/module_ir.md.txt]
[wiki.t-firefly.com/en/ROC-RK3399-PC-Pro/_images/module_ir.png]
[wiki.t-firefly.com/en/ROC-RK3399-PC-Pro/module_ir.html]
[wiki.t-firefly.com/en/ROC-RK3399-PC-Pro/_images/module_ir_remote_info.png]
[wiki.t-firefly.com/en/ROC-RK3399-PC-Pro/_sources/module_cooling.md.txt]
[wiki.t-firefly.com/en/ROC-RK3399-PC-Pro/_images/module_cooling_radiator.en.jpg]
[wiki.t-firefly.com/en/ROC-RK3399-PC-Pro/_images/module_cooling_radiator_install.jpg]
[wiki.t-firefly.com/en/ROC-RK3399-PC-Pro/_images/module_cooling_fan.jpg]
[wiki.t-firefly.com/en/ROC-RK3399-PC-Pro/_images/module_cooling_fan_install1.jpg]
[wiki.t-firefly.com/en/ROC-RK3399-PC-Pro/_images/module_cooling_fan_install0.jpg]
[wiki.t-firefly.com/en/ROC-RK3399-PC-Pro/module_cooling.html]
[wiki.t-firefly.com/en/ROC-RK3399-PC-Pro/_sources/faqs.md.txt]
[wiki.t-firefly.com/en/ROC-RK3399-PC-Pro/faqs.html]
[wiki.t-firefly.com/en/ROC-RK3399-PC-Pro/_images/faqs_android_root.png]
[wiki.t-firefly.com/en/ROC-RK3399-PC-Pro/_sources/hardware_doc.md.txt]
[wiki.t-firefly.com/en/ROC-RK3399-PC-Pro/hardware_doc.html]
[wiki.t-firefly.com/en/ROC-RK3399-PC-Pro/_sources/05-upgrade_firmware_sd.md.txt]
[wiki.t-firefly.com/en/ROC-RK3399-PC-Pro/05-upgrade_firmware_sd_morethan_4g.html]
[wiki.t-firefly.com/en/ROC-RK3399-PC-Pro/_images/sdfirmwaretool.en.jpg]
[wiki.t-firefly.com/en/ROC-RK3399-PC-Pro/_images/sdfirmwaretool_done.en.jpg]
[wiki.t-firefly.com/en/ROC-RK3399-PC-Pro/05-upgrade_firmware_sd.html]
[wiki.t-firefly.com/en/ROC-RK3399-PC-Pro/_sources/sip_manual.md.txt]
[wiki.t-firefly.com/en/ROC-RK3399-PC-Pro/_images/opensips1.png]
[wiki.t-firefly.com/en/ROC-RK3399-PC-Pro/_images/opensips2.png]
[wiki.t-firefly.com/en/ROC-RK3399-PC-Pro/_images/opensips3.png]
[wiki.t-firefly.com/en/ROC-RK3399-PC-Pro/sip_manual.html]
[wiki.t-firefly.com/en/ROC-RK3399-PC-Pro/_static/fonts/fontawesome-webfont3e6e.html]
[wiki.t-firefly.com/en/ROC-RK3399-PC-Pro/_static/fonts/fontawesome-webfont3e6e.svg]
[wiki.t-firefly.com/en/ROC-RK3399-PC-Pro/_sources/04-maskrom_mode.md.txt]
[wiki.t-firefly.com/en/ROC-RK3399-PC-Pro/_images/maskrom_test_points.jpg]
[wiki.t-firefly.com/en/ROC-RK3399-PC-Pro/04-maskrom_mode.html]
[wiki.t-firefly.com/en/ROC-RK3399-PC-Pro/_sources/loader_mode.md.txt]
[wiki.t-firefly.com/en/ROC-RK3399-PC-Pro/loader_mode.html]
[wiki.t-firefly.com/en/ROC-RK3399-PC-Pro/_sources/Windows_upgrade_firmware.md.txt]
[wiki.t-firefly.com/en/ROC-RK3399-PC-Pro/_images/upgrade_firmware_install_RK_USB.jpg]
[wiki.t-firefly.com/en/ROC-RK3399-PC-Pro/_images/upgrade_firmware_new_equipment.jpg]
[wiki.t-firefly.com/en/ROC-RK3399-PC-Pro/_images/upgrade_firmware_androidtool.jpg]
[wiki.t-firefly.com/en/ROC-RK3399-PC-Pro/_images/upgrade_firmware_erase_flash.jpg]
[wiki.t-firefly.com/en/ROC-RK3399-PC-Pro/Windows_upgrade_firmware.html]
[wiki.t-firefly.com/en/ROC-RK3399-PC-Pro/_images/upgrade_downloadfail.jpg]
[wiki.t-firefly.com/en/ROC-RK3399-PC-Pro/_sources/Linux_upgrade_firmware.md.txt]
[wiki.t-firefly.com/en/ROC-RK3399-PC-Pro/Linux_upgrade_firmware.html]
[wiki.t-firefly.com/en/ROC-RK3399-PC-Pro/ubuntu_18_04_Lxde_desktop.html]
[wiki.t-firefly.com/en/ROC-RK3399-PC-Pro/ubuntu_18_04_minimal.html]
[wiki.t-firefly.com/en/ROC-RK3399-PC-Pro/_sources/03-upgrade_firmware.md.txt]
[wiki.t-firefly.com/en/ROC-RK3399-PC-Pro/03-upgrade_firmware.html]
[wiki.t-firefly.com/en/ROC-RK3399-PC-Pro/_sources/ubuntu_manual.md.txt]
[wiki.t-firefly.com/en/ROC-RK3399-PC-Pro/linux_build_ubuntu_rootfs.html]
[wiki.t-firefly.com/en/ROC-RK3399-PC-Pro/_images/Hostspot1.png]
[wiki.t-firefly.com/en/ROC-RK3399-PC-Pro/_images/Hostspot2.png]
[wiki.t-firefly.com/en/ROC-RK3399-PC-Pro/_images/Hostspot3.png]
[wiki.t-firefly.com/en/ROC-RK3399-PC-Pro/_images/Hostspot4.png]
[wiki.t-firefly.com/en/ROC-RK3399-PC-Pro/_images/Hostspot5.png]
[wiki.t-firefly.com/en/ROC-RK3399-PC-Pro/_images/onboard.jpg]
[wiki.t-firefly.com/en/ROC-RK3399-PC-Pro/_images/sound_setting.jpg]
[wiki.t-firefly.com/en/ROC-RK3399-PC-Pro/_images/mipi_csi.jpg]
[wiki.t-firefly.com/en/ROC-RK3399-PC-Pro/ubuntu_manual.html]
[wiki.t-firefly.com/en/ROC-RK3399-PC-Pro/_sources/buildroot_develop.md.txt]
[wiki.t-firefly.com/en/ROC-RK3399-PC-Pro/buildroot_compile.html]
[wiki.t-firefly.com/en/ROC-RK3399-PC-Pro/_images/Buildroot_menuconfig.png]
[wiki.t-firefly.com/en/ROC-RK3399-PC-Pro/_images/Buildroot_serach_qt53d.png]
[wiki.t-firefly.com/en/ROC-RK3399-PC-Pro/_images/Buildroot_qt53d.png]
[wiki.t-firefly.com/en/ROC-RK3399-PC-Pro/_images/Buildroot_select_qt53d.png]
[wiki.t-firefly.com/en/ROC-RK3399-PC-Pro/_images/Buildroot_Save-Exit.png]
[wiki.t-firefly.com/en/ROC-RK3399-PC-Pro/_images/Buildroot_busybox-menuconfig.png]
[wiki.t-firefly.com/en/ROC-RK3399-PC-Pro/_images/Buildroot_busybox-save.png]
[wiki.t-firefly.com/en/ROC-RK3399-PC-Pro/_images/Qt-config-Versions.png]
[wiki.t-firefly.com/en/ROC-RK3399-PC-Pro/_images/Qt-config-Compilers_1.png]
[wiki.t-firefly.com/en/ROC-RK3399-PC-Pro/_images/Qt-config-Compilers_2.png]
[wiki.t-firefly.com/en/ROC-RK3399-PC-Pro/_images/Qt-config-Debuggers.png]
[wiki.t-firefly.com/en/ROC-RK3399-PC-Pro/_images/Qt-config-Devices.png]
[wiki.t-firefly.com/en/ROC-RK3399-PC-Pro/_images/Qt-config-Kits.png]
[wiki.t-firefly.com/en/ROC-RK3399-PC-Pro/_images/Qt-Choose-Kit.png]
[wiki.t-firefly.com/en/ROC-RK3399-PC-Pro/_images/Qt-command_line_arguments.png]
[wiki.t-firefly.com/en/ROC-RK3399-PC-Pro/_images/Qt-set-environment.png]
[wiki.t-firefly.com/en/ROC-RK3399-PC-Pro/_images/Qt-Compile.png]
[wiki.t-firefly.com/en/ROC-RK3399-PC-Pro/_images/Buildroot_Desktop.png]
[wiki.t-firefly.com/en/ROC-RK3399-PC-Pro/_images/Buildroot_firmwareota.png]
[wiki.t-firefly.com/en/ROC-RK3399-PC-Pro/buildroot_develop.html]
[wiki.t-firefly.com/en/ROC-RK3399-PC-Pro/_sources/yocto_develop.md.txt]
[wiki.t-firefly.com/en/ROC-RK3399-PC-Pro/yocto_develop.html]
[wiki.t-firefly.com/en/ROC-RK3399-PC-Pro/_sources/linux_LibreELEC.md.txt]
[wiki.t-firefly.com/en/ROC-RK3399-PC-Pro/linux_LibreELEC.html]
[wiki.t-firefly.com/en/ROC-RK3399-PC-Pro/_sources/export_dev_sf.md.txt]
[wiki.t-firefly.com/en/ROC-RK3399-PC-Pro/export_dev_sf.html]
[wiki.t-firefly.com/en/ROC-RK3399-PC-Pro/_sources/OpenCV_support.md.txt]
[wiki.t-firefly.com/en/ROC-RK3399-PC-Pro/OpenCV_support.html]
[wiki.t-firefly.com/en/ROC-RK3399-PC-Pro/_sources/compile_android7.1_firmware.md.txt]
[wiki.t-firefly.com/en/ROC-RK3399-PC-Pro/compile_android7.1_firmware.html]
[wiki.t-firefly.com/en/ROC-RK3399-PC-Pro/img/timer_frame.html]
[wiki.t-firefly.com/en/ROC-RK3399-PC-Pro/_sources/05-upgrade_firmware_sd_morethan_4g.md.txt]
[wiki.t-firefly.com/en/ROC-RK3399-PC-Pro/05-upgrade_firmware_sd_morethan_4g.html]
[wiki.t-firefly.com/en/ROC-RK3399-PC-Pro/_sources/ubuntu_18_04_Lxde_desktop.md.txt]
[wiki.t-firefly.com/en/ROC-RK3399-PC-Pro/_sources/ubuntu_18_04_minimal.md.txt]
[wiki.t-firefly.com/en/ROC-RK3399-PC-Pro/_sources/linux_build_ubuntu_rootfs.md.txt]
[wiki.t-firefly.com/en/ROC-RK3399-PC-Pro/linux_build_ubuntu_rootfs.html]
[wiki.t-firefly.com/en/ROC-RK3399-PC-Pro/_sources/buildroot_compile.md.txt]
[wiki.t-firefly.com/en/ROC-RK3399-PC-Pro/buildroot_compile.html]
