[en.t-firefly.com/doc/download/127.html]
[backblue.gif]
[fade.gif]
[index.html]
[en.t-firefly.com/themes/t-firefly/public/assets/bootstrap/bootstrap.min.css]
[en.t-firefly.com/themes/t-firefly/public/assets/simpleboot3/font-awesome/4.4.0/css/font-awesome.min.css]
[en.t-firefly.com/themes/t-firefly/public/assets/css/public62b4.css]
[en.t-firefly.com/themes/t-firefly/public/assets/css/style62b4.css]
[en.t-firefly.com/themes/t-firefly/public/assets/js/jquery.min.js]
[hm.baidu.com/hmfe8c.js]
[en.t-firefly.com/themes/t-firefly/public/assets/css/slippry/slippry.css]
[en.t-firefly.com/themes/t-firefly/public/assets/css/doc62b4.css]
[en.t-firefly.com/themes/t-firefly/public/assets/images/Linux.png]
[en.t-firefly.com/themes/t-firefly/public/assets/images/Linux-2.png]
[en.t-firefly.com/themes/t-firefly/public/assets/images/windows.png]
[en.t-firefly.com/themes/t-firefly/public/assets/images/windows-2.png]
[en.t-firefly.com/themes/t-firefly/public/assets/images/flash.png]
[en.t-firefly.com/themes/t-firefly/public/assets/images/flash-2.png]
[en.t-firefly.com/themes/t-firefly/public/assets/images/down.png]
[en.t-firefly.com/themes/t-firefly/public/assets/images/down-2.png]
[en.t-firefly.com/themes/t-firefly/public/assets/images/tech.png]
[en.t-firefly.com/themes/t-firefly/public/assets/images/tech-2.png]
[en.t-firefly.com/themes/t-firefly/public/assets/images/sd.png]
[en.t-firefly.com/themes/t-firefly/public/assets/images/sd-2.png]
[en.t-firefly.com/themes/t-firefly/public/assets/css/nav62b4.css]
[en.t-firefly.com/themes/t-firefly/public/assets/images/nav_logo.png]
[en.t-firefly.com/doc/download/61.html]
[en.t-firefly.com/upload/portal/20220222/77633e8bc9145d957acd7954efd18409.png]
[en.t-firefly.com/upload/portal/20220916/eb4f5524b1f5d5514bbae89dfb23fe03.png]
[en.t-firefly.com/upload/portal/20220516/f4496f141d5f6861372d84a1d9544f41.png]
[en.t-firefly.com/upload/portal/20220811/da6fd11d14021309cb4bbe945634fc00.png]
[en.t-firefly.com/upload/portal/20211125/9c4ee6237156c73095dda4e4f728cad2.png]
[en.t-firefly.com/upload/portal/20210128/ccf4ee70d376c086be7332b3711253c2.png]
[en.t-firefly.com/upload/portal/20201117/431928a1f442ff7329ed5bcd6ba2537d.png]
[en.t-firefly.com/upload/portal/20201117/6d4402d70a9646c26e6a255027834665.png]
[en.t-firefly.com/upload/portal/20201117/61f17ee226598d7338218dfbefed30ee.png]
[en.t-firefly.com/upload/portal/20201117/0423c15eaf00ea3270e63f6e23402465.png]
[en.t-firefly.com/upload/portal/20201117/0f42d7e281cb5c343b5f1ced79c80da1.png]
[en.t-firefly.com/upload/portal/20220316/ef349ce0f199e1cb3d9e8c17da415d9b.png]
[en.t-firefly.com/upload/portal/20210324/79484b4ed79774635640989bc74d99af.png]
[en.t-firefly.com/upload/portal/20201117/0be40a8f114768fa48e445a4ba81b658.png]
[en.t-firefly.com/upload/portal/20201117/0eecc21fecde5fb610b0bd56d1f576f0.png]
[en.t-firefly.com/upload/portal/20201117/b6f634c7c7797f5663f2d96553149f33.png]
[en.t-firefly.com/upload/portal/20201118/70aa23de9592d50a92b5eb48b4078614.png]
[en.t-firefly.com/upload/portal/20201117/fdcff0d82ece378aede02e3d377b65ec.png]
[en.t-firefly.com/upload/portal/20220316/a3ae8a20eb6da0e706dd7961a7f82420.png]
[en.t-firefly.com/upload/portal/20220610/6a3b8ffd1c941d364187c45aa3fc61c7.png]
[en.t-firefly.com/upload/portal/20220829/8dcc092f42f4b5e2cb363aeb07e930a3.png]
[en.t-firefly.com/upload/portal/20220114/ef51443e05925d0e60bd93082c61f1f4.png]
[en.t-firefly.com/upload/portal/20210402/4aa682b4f13846f4906ed98cbf718532.png]
[en.t-firefly.com/upload/portal/20201117/d207bda668c63480e846c11b07444aa3.png]
[en.t-firefly.com/upload/portal/20201117/2880793b30ef78efded022d976f505d1.png]
[en.t-firefly.com/upload/portal/20201117/9131bee71405a111235ac3d3afb9bcb9.png]
[en.t-firefly.com/upload/portal/20201117/c01735b72b710ba9556eea13adab78f4.png]
[en.t-firefly.com/upload/portal/20201117/f626a264f40ce5e06f1639acf7f9c8f6.png]
[en.t-firefly.com/upload/portal/20201117/701cda99e9ad6e5339a79cd941a1d0ee.png]
[en.t-firefly.com/upload/portal/20220418/0432a05ec40304da98a61300a23a3964.png]
[en.t-firefly.com/upload/portal/20220903/e9b22d23ca6da42812f5629e47491043.png]
[en.t-firefly.com/upload/portal/20211215/f3f931c6cb4261a021909ae1235c5a41.png]
[en.t-firefly.com/upload/portal/20210426/86d2ceaa3eb625dfede9e7cc0899d959.png]
[en.t-firefly.com/upload/portal/20210417/affa3d22fa985675ce6365a61d1df178.png]
[en.t-firefly.com/upload/portal/20200703/19782365a103f9184ce8eda38a26874d.png]
[en.t-firefly.com/upload/portal/20201117/a9de5aca06f7e0ee7f2974ad0145cf3e.png]
[en.t-firefly.com/upload/portal/20201117/511ab6c7bff9fd4d2e144dab791a737a.png]
[en.t-firefly.com/upload/portal/20190829/a2d5f068efce4c95ef2c7a9324f08fa5.png]
[en.t-firefly.com/upload/portal/20190829/d6ba5044b9b6b62edb58256e410948eb.png]
[en.t-firefly.com/upload/portal/20190829/a558ed2eb778cde080bf093e050e25a8.png]
[en.t-firefly.com/upload/portal/20190829/1d0201589ab218bb540288377d6a9428.png]
[en.t-firefly.com/upload/portal/20190829/cb19968cf78cdf0ef117b5fe7fe5af06.png]
[en.t-firefly.com/upload/portal/20201118/2e7fda47b20fb8f28a309e2d1369e27a.png]
[en.t-firefly.com/upload/portal/20210708/7de02219858d25f7c7436032074d92aa.png]
[en.t-firefly.com/upload/portal/20220422/6126637e18dcb5a5c5c4eb09c1c8642a.png]
[en.t-firefly.com/upload/portal/20220802/bf3529218f8914c7fd68a1b37e3a0423.png]
[en.t-firefly.com/upload/portal/20210514/1b0c77dcb600535717df0be8d8be1eb1.png]
[en.t-firefly.com/upload/portal/20201117/f2135660679db6136dd0cf19dd7b6d92.png]
[en.t-firefly.com/upload/portal/20201117/9c632111339dbb639ec8a351bf3e9e80.png]
[en.t-firefly.com/upload/portal/20190829/c7f6934f4abe231e2a94d9ce452889c2.png]
[en.t-firefly.com/upload/portal/20220416/4468299004629f9dbfd8fa2bcf2e6808.png]
[en.t-firefly.com/upload/portal/20220428/e05d63ca1c677d033f098abdc8532717.png]
[en.t-firefly.com/upload/portal/20220929/e69f130a4b5e5fe93bd471328e32a035.png]
[en.t-firefly.com/upload/portal/20210531/79348491c908c5dabb3a27a960a15d5f.png]
[en.t-firefly.com/upload/portal/20201117/3929bf8f4fede33024a3e9c8252b2270.png]
[en.t-firefly.com/upload/portal/20200716/ee52c1df9adc6ea2db49b865e7373c6a.png]
[en.t-firefly.com/upload/portal/20210409/8419b47923d85b9c09a8f0a7307260aa.png]
[en.t-firefly.com/upload/portal/20210830/8ef321c5a4ab51e466bffa47c7291f2e.png]
[en.t-firefly.com/upload/portal/20190829/389e3db77b13118295d1747a9667833f.png]
[en.t-firefly.com/upload/portal/20190829/ce7f528950c4202e2ea44c7fee370922.png]
[en.t-firefly.com/upload/portal/20201117/86af45ead4d7d19a38cb841f8e601a37.png]
[en.t-firefly.com/upload/portal/20201117/0a8e1afc2dedfef46eb8842ec87ad7c3.png]
[en.t-firefly.com/upload/portal/20220111/39f14a141542a97c485a344fc4ae0f4d.png]
[en.t-firefly.com/upload/portal/20220111/2063781249a2c0fb6609ea05317d9937.png]
[en.t-firefly.com/upload/portal/20190829/371dffe5065281336e22d960dd0776e0.png]
[en.t-firefly.com/upload/portal/20200306/99665949370f2a3c065b07a89d6e0d4b.png]
[en.t-firefly.com/upload/portal/20220530/ae919a27e2c0058c9870965e0e1841bf.png]
[en.t-firefly.com/upload/portal/20210128/a380898e34eb87d82bf215300cdeb1bf.png]
[en.t-firefly.com/upload/portal/20190829/2d29524f033ca4cb1e54e44a82309aa4.png]
[en.t-firefly.com/themes/t-firefly/public/assets/images/productmore_hover.png]
[en.t-firefly.com/themes/t-firefly/public/assets/images/productmore.png]
[en.t-firefly.com/themes/t-firefly/public/assets/images/product/doc/download_banner.jpg]
[en.t-firefly.com/doc/download/140.html]
[en.t-firefly.com/doc/download/149.html]
[en.t-firefly.com/doc/download/150.html]
[en.t-firefly.com/doc/download/123.html]
[en.t-firefly.com/doc/download/89.html]
[en.t-firefly.com/doc/download/87.html]
[en.t-firefly.com/doc/download/88.html]
[en.t-firefly.com/doc/download/60.html]
[en.t-firefly.com/doc/download/62.html]
[en.t-firefly.com/doc/download/67.html]
[en.t-firefly.com/doc/download/63.html]
[en.t-firefly.com/doc/download/15.html]
[en.t-firefly.com/doc/download/17.html]
[en.t-firefly.com/doc/download/32.html]
[en.t-firefly.com/doc/download/73.html]
[en.t-firefly.com/doc/download/82.html]
[en.t-firefly.com/doc/download/139.html]
[en.t-firefly.com/doc/download/142.html]
[en.t-firefly.com/doc/download/151.html]
[en.t-firefly.com/doc/download/124.html]
[en.t-firefly.com/doc/download/94.html]
[en.t-firefly.com/doc/download/93.html]
[en.t-firefly.com/doc/download/91.html]
[en.t-firefly.com/doc/download/69.html]
[en.t-firefly.com/doc/download/52.html]
[en.t-firefly.com/doc/download/47.html]
[en.t-firefly.com/doc/download/37.html]
[en.t-firefly.com/doc/download/31.html]
[en.t-firefly.com/doc/download/16.html]
[en.t-firefly.com/doc/download/78.html]
[en.t-firefly.com/doc/download/65.html]
[en.t-firefly.com/doc/download/53.html]
[en.t-firefly.com/doc/download/66.html]
[en.t-firefly.com/doc/download/51.html]
[en.t-firefly.com/doc/download/36.html]
[en.t-firefly.com/doc/download/34.html]
[en.t-firefly.com/doc/download/6.html]
[en.t-firefly.com/doc/download/4.html]
[en.t-firefly.com/doc/download/3.html]
[en.t-firefly.com/doc/download/84.html]
[en.t-firefly.com/doc/download/141.html]
[en.t-firefly.com/doc/download/143.html]
[en.t-firefly.com/doc/download/96.html]
[en.t-firefly.com/doc/download/95.html]
[en.t-firefly.com/doc/download/92.html]
[en.t-firefly.com/doc/download/76.html]
[en.t-firefly.com/doc/download/55.html]
[en.t-firefly.com/doc/download/77.html]
[en.t-firefly.com/doc/download/79.html]
[en.t-firefly.com/doc/download/56.html]
[en.t-firefly.com/doc/download/108.html]
[en.t-firefly.com/doc/download/75.html]
[en.t-firefly.com/doc/download/68.html]
[en.t-firefly.com/doc/download/57.html]
[en.t-firefly.com/doc/download/40.html]
[en.t-firefly.com/doc/download/71.html]
[en.t-firefly.com/doc/download/80.html]
[en.t-firefly.com/doc/download/49.html]
[en.t-firefly.com/doc/download/72.html]
[en.t-firefly.com/doc/download/86.html]
[en.t-firefly.com/doc/download/85.html]
[en.t-firefly.com/doc/download/45.html]
[en.t-firefly.com/doc/download/109.html]
[en.t-firefly.com/doc/download/58.html]
[en.t-firefly.com/doc/download/114.html]
[en.t-firefly.com/doc/download/115.html]
[en.t-firefly.com/doc/download/116.html]
[en.t-firefly.com/doc/download/118.html]
[en.t-firefly.com/doc/download/119.html]
[en.t-firefly.com/doc/download/120.html]
[en.t-firefly.com/doc/download/148.html]
[en.t-firefly.com/upload/portal/20211215/3b381d6a7e247d84b0b73cc23d728cfb.png]
[en.t-firefly.com/upload/admin/20170901/85a4dac6245ca9a87e498292e27a780c.png]
[en.t-firefly.com/upload/admin/20170901/3171ad2c73f662419192698855e15f8b.png]
[en.t-firefly.com/upload/admin/20170901/4b8162ddb884c7139a11cbac4e5fa8e4.png]
[en.t-firefly.com/upload/admin/20170901/c500b1d89143b11c12d4ab7833e188e3.png]
[en.t-firefly.com/themes/t-firefly/public/assets/images/footer_img.png]
[en.t-firefly.com/themes/t-firefly/public/assets/images/footer_ewm.png]
[en.t-firefly.com/themes/t-firefly/public/assets/images/footer_map.png]
[en.t-firefly.com/static/js/wind.js]
[en.t-firefly.com/themes/t-firefly/public/assets/bootstrap/bootstrap.min.js]
[en.t-firefly.com/static/js/frontend.js]
[en.t-firefly.com/themes/t-firefly/public/assets/js/objFunc.js]
[en.t-firefly.com/themes/t-firefly/public/assets/js/jquery.animateNumber.min.js]
[en.t-firefly.com/themes/t-firefly/public/assets/js/lazyload.min.js]
[en.t-firefly.com/themes/t-firefly/public/assets/js/slippry.js]
[en.t-firefly.com/themes/t-firefly/public/assets/js/footer.js]
[cdn.dingxiang-inc.com/ctu-group/captcha-ui/index.js]
[en.t-firefly.com/themes/t-firefly/public/assets/js/masonry.pkgd.min.js]
[en.t-firefly.com/doc/download/127.html]
[en.t-firefly.com/themes/t-firefly/public/assets/bootstrap/bootstrap.min.css]
[en.t-firefly.com/themes/t-firefly/public/assets/simpleboot3/font-awesome/4.4.0/css/font-awesome.min.css]
[en.t-firefly.com/themes/t-firefly/public/assets/css/public62b4.css]
[en.t-firefly.com/themes/t-firefly/public/assets/js/docdbc2.js]
[en.t-firefly.com/themes/t-firefly/public/assets/images/rk3399/fy1.jpg]
[en.t-firefly.com/themes/t-firefly/public/assets/images/rk3399/fy2.jpg]
[en.t-firefly.com/themes/t-firefly/public/assets/images/rk3399/fy3.jpg]
[en.t-firefly.com/themes/t-firefly/public/assets/images/rk3399/fy4.jpg]
[en.t-firefly.com/themes/t-firefly/public/assets/images/rk3399/fy5.jpg]
[en.t-firefly.com/themes/t-firefly/public/assets/images/rk3399/fy6.jpg]
[en.t-firefly.com/themes/t-firefly/public/assets/images/rk3399/fy7.jpg]
[en.t-firefly.com/themes/t-firefly/public/assets/images/rk3399/fy8.jpg]
[en.t-firefly.com/themes/t-firefly/public/assets/images/rk3399/fy9.jpg]
[en.t-firefly.com/themes/t-firefly/public/assets/images/rk3399/fy10.jpg]
[en.t-firefly.com/themes/t-firefly/public/assets/images/rk3399/fy11.jpg]
[en.t-firefly.com/themes/t-firefly/public/assets/images/rk3399/ti_pic.png]
[en.t-firefly.com/themes/t-firefly/public/assets/images/board/hv_be.png]
[en.t-firefly.com/themes/t-firefly/public/assets/images/board/choose01.png]
[en.t-firefly.com/themes/t-firefly/public/assets/images/board/choose02.png]
[en.t-firefly.com/themes/t-firefly/public/assets/images/board/39_hxb_hv_af.png]
[en.t-firefly.com/themes/t-firefly/public/assets/images/board/interface_select.png]
[en.t-firefly.com/themes/t-firefly/public/assets/images/board/vspite.png]
[en.t-firefly.com/themes/t-firefly/public/assets/images/dropdown-arrow.png]
[en.t-firefly.com/themes/t-firefly/public/assets/images/website/zx.png]
[en.t-firefly.com/themes/t-firefly/public/assets/images/website/zx_on.png]
[en.t-firefly.com/themes/t-firefly/public/assets/images/website/shop.png]
[en.t-firefly.com/themes/t-firefly/public/assets/images/website/shopping_on.png]
[en.t-firefly.com/themes/t-firefly/public/assets/images/website/wx.png]
[en.t-firefly.com/themes/t-firefly/public/assets/images/website/weix_on.png]
[en.t-firefly.com/themes/t-firefly/public/assets/images/website/zding.png]
[en.t-firefly.com/themes/t-firefly/public/assets/images/website/zding_on.png]
[en.t-firefly.com/themes/t-firefly/public/assets/images/website/contact_pig.png]
[en.t-firefly.com/themes/t-firefly/public/assets/images/website/kefu.png]
[en.t-firefly.com/themes/t-firefly/public/assets/images/website/weixinbg1.png]
[en.t-firefly.com/themes/t-firefly/public/assets/images/website/weixinbg2.png]
[en.t-firefly.com/themes/t-firefly/public/assets/images/product/square2.png]
[en.t-firefly.com/themes/t-firefly/public/assets/images/product_active.png]
[en.t-firefly.com/themes/t-firefly/public/assets/images/totop.png]
[en.t-firefly.com/themes/t-firefly/public/assets/css/style62b4.css]
[en.t-firefly.com/themes/t-firefly/public/assets/css/slippry/assets/img/sy-loader.gif]
[en.t-firefly.com/themes/t-firefly/public/assets/css/slippry/assets/img/arrows.png]
[en.t-firefly.com/themes/t-firefly/public/assets/css/slippry/slippry.css]
[en.t-firefly.com/themes/t-firefly/public/assets/images/product/doc/android.jpg]
[en.t-firefly.com/themes/t-firefly/public/assets/images/product/doc/download.jpg]
[en.t-firefly.com/themes/t-firefly/public/assets/css/doc62b4.css]
[en.t-firefly.com/themes/t-firefly/public/assets/images/icon-store.png]
[en.t-firefly.com/themes/t-firefly/public/assets/images/icon-store-on.png]
[en.t-firefly.com/themes/t-firefly/public/assets/images/nav_search_gray.png]
[en.t-firefly.com/themes/t-firefly/public/assets/images/nav_search.png]
[en.t-firefly.com/themes/t-firefly/public/assets/images/nav_search_on.png]
[en.t-firefly.com/themes/t-firefly/public/assets/images/nav_login_gray.png]
[en.t-firefly.com/themes/t-firefly/public/assets/images/nav_login.png]
[en.t-firefly.com/themes/t-firefly/public/assets/images/nav_login_on.png]
[en.t-firefly.com/themes/t-firefly/public/assets/images/nav_language.png]
[en.t-firefly.com/themes/t-firefly/public/assets/images/nav_language_on.png]
[en.t-firefly.com/themes/t-firefly/public/assets/css/assets/images/board/checkin.png]
[en.t-firefly.com/themes/t-firefly/public/assets/images/scroll_menu.png]
[en.t-firefly.com/themes/t-firefly/public/assets/images/big_menu.png]
[en.t-firefly.com/themes/t-firefly/public/assets/css/template/image/jian.png]
[en.t-firefly.com/themes/t-firefly/public/assets/css/template/image/quick_mid.png]
[en.t-firefly.com/themes/t-firefly/public/assets/css/template/image/quick_head.png]
[en.t-firefly.com/themes/t-firefly/public/assets/css/template/image/quick_buttom.png]
[en.t-firefly.com/themes/t-firefly/public/assets/images/new_product.png]
[en.t-firefly.com/themes/t-firefly/public/assets/css/assets/images/board/resour_c.png]
[en.t-firefly.com/themes/t-firefly/public/assets/images/product_new.png]
[en.t-firefly.com/themes/t-firefly/public/assets/css/nav62b4.css]
[en.t-firefly.com/upload/portal/20190329/6e1bf9c380c566361596477eb39846dc.png]
[en.t-firefly.com/doc/download/61.html]
[en.t-firefly.com/upload/portal/20220316/16c65dc59e5025d89a5c24d15c45b875.png]
[en.t-firefly.com/upload/admin/20170901/d16eb8da3273038905ecca24d28de397.png]
[en.t-firefly.com/doc/download/140.html]
[en.t-firefly.com/upload/portal/20220516/dc0172bebc4a376733645bc496732394.png]
[en.t-firefly.com/doc/download/149.html]
[en.t-firefly.com/upload/portal/20220517/3e6c28fede382e2d367a77081244591a.png]
[en.t-firefly.com/doc/download/150.html]
[en.t-firefly.com/upload/portal/20211125/565720e57804155dbc6a2e8e943ae90c.png]
[en.t-firefly.com/doc/download/123.html]
[en.t-firefly.com/upload/portal/20210529/16700caeab10e7d10466268354623b5b.png]
[en.t-firefly.com/doc/download/89.html]
[en.t-firefly.com/doc/download/87.html]
[en.t-firefly.com/doc/download/88.html]
[en.t-firefly.com/upload/portal/20190325/21c808d8a4728760a7d77aa60aebf1d3.png]
[en.t-firefly.com/doc/download/60.html]
[en.t-firefly.com/upload/portal/20190326/1f1ed1a84d8064b771041f7a7752568e.png]
[en.t-firefly.com/doc/download/62.html]
[en.t-firefly.com/upload/portal/20190530/04d69b17d7790dc9e6fdf59f284d62e5.png]
[en.t-firefly.com/doc/download/67.html]
[en.t-firefly.com/upload/portal/20190330/7ac881398e18c02acb98ebae8c8752ff.png]
[en.t-firefly.com/doc/download/63.html]
[en.t-firefly.com/upload/portal/20170824/92abeca694ca7f24ebe10bfe5a2d40f9.png]
[en.t-firefly.com/doc/download/15.html]
[en.t-firefly.com/upload/portal/20170824/f2d411d4ce1f46426b531494a4857f29.png]
[en.t-firefly.com/doc/download/17.html]
[en.t-firefly.com/upload/portal/20180607/5266c3acc4d6a45694071e749b285b71.png]
[en.t-firefly.com/doc/download/32.html]
[en.t-firefly.com/upload/portal/20200221/c30c7ba9251dbcb23b5674f604d7e68e.png]
[en.t-firefly.com/doc/download/73.html]
[en.t-firefly.com/doc/download/82.html]
[en.t-firefly.com/upload/portal/20220316/21ce0420a79332a8e40ced11030fa53f.png]
[en.t-firefly.com/doc/download/139.html]
[en.t-firefly.com/upload/portal/20220418/839e690ae5079e0aa5662ab9a7ab532f.png]
[en.t-firefly.com/doc/download/142.html]
[en.t-firefly.com/doc/download/151.html]
[en.t-firefly.com/upload/portal/20220420/3095c768e52aa6f4f9a695f1b99f4e67.png]
[en.t-firefly.com/doc/download/124.html]
[en.t-firefly.com/upload/portal/20210529/05f65e803ebff5949866134116126a2d.png]
[en.t-firefly.com/doc/download/94.html]
[en.t-firefly.com/upload/portal/20210529/d49b4a559fa3eeac6934015eeb1cfd65.png]
[en.t-firefly.com/doc/download/93.html]
[en.t-firefly.com/upload/portal/20210402/297fc95f8bbb6a1ffb0dac1ca1ea1727.png]
[en.t-firefly.com/doc/download/91.html]
[en.t-firefly.com/upload/portal/20191115/7648d6ee1b07bbc5779166d9c55be8a8.png]
[en.t-firefly.com/doc/download/69.html]
[en.t-firefly.com/upload/portal/20180915/4708ca60912227c7fd945cea425e7893.png]
[en.t-firefly.com/upload/admin/20201116/eb6782a5a51873505f3f3037db0bae86.png]
[en.t-firefly.com/doc/download/52.html]
[en.t-firefly.com/upload/portal/20180723/5e1e5b4f076d2f5f00c46e3d371ab237.png]
[en.t-firefly.com/doc/download/47.html]
[en.t-firefly.com/upload/portal/20180711/878b651a1f02eb24f44c33c69d42e5a0.png]
[en.t-firefly.com/doc/download/37.html]
[en.t-firefly.com/upload/portal/20180129/b0f60787de2146d0ab36ce4c091d0292.png]
[en.t-firefly.com/doc/download/31.html]
[en.t-firefly.com/upload/portal/20180206/cb8b3677faccb3ae2c1e4d195ffe4309.png]
[en.t-firefly.com/upload/admin/20170901/18a1a0d76d9a9c28a8899262a3bd0e6e.png]
[en.t-firefly.com/doc/download/16.html]
[en.t-firefly.com/doc/download/78.html]
[en.t-firefly.com/upload/portal/20190514/76553ef9eea9695adf921389c18c8a3c.png]
[en.t-firefly.com/doc/download/65.html]
[en.t-firefly.com/upload/portal/20181010/a6480c79f1d832d4c4b10a454cb07ab8.png]
[en.t-firefly.com/doc/download/53.html]
[en.t-firefly.com/upload/portal/20190507/844c00b53d7dbfac9445142c3f6f18db.png]
[en.t-firefly.com/doc/download/66.html]
[en.t-firefly.com/upload/portal/20180901/8263ef4682a53796d90d10dd2e904489.png]
[en.t-firefly.com/doc/download/51.html]
[en.t-firefly.com/upload/portal/20180426/9d98f3f9fd0078b11ae0d628028164b5.png]
[en.t-firefly.com/doc/download/36.html]
[en.t-firefly.com/upload/portal/20171209/74597b566c417ca8817bbe341c9e6033.png]
[en.t-firefly.com/doc/download/34.html]
[en.t-firefly.com/upload/portal/20170824/e4a6b5a4b00ed54664cb4fb22191c4af.png]
[en.t-firefly.com/doc/download/6.html]
[en.t-firefly.com/upload/portal/20170824/9b5dd1979e7cb96f475549a8054fd173.png]
[en.t-firefly.com/doc/download/4.html]
[en.t-firefly.com/upload/portal/20170824/6e04cae45e4b522bb8f7012dc5d04957.png]
[en.t-firefly.com/doc/download/3.html]
[en.t-firefly.com/upload/portal/20210601/ac2b2eb6863472c6490d082062c3382a.png]
[en.t-firefly.com/doc/download/84.html]
[en.t-firefly.com/upload/portal/20220416/643c45b31bd1219a73e0c0bf86647d18.png]
[en.t-firefly.com/doc/download/141.html]
[en.t-firefly.com/upload/portal/20220422/9c2805dfe0040ed2d60fc56271db6c1e.png]
[en.t-firefly.com/doc/download/143.html]
[en.t-firefly.com/upload/portal/20210531/29c49aa75d657e68290ef21bf05c1620.png]
[en.t-firefly.com/doc/download/96.html]
[en.t-firefly.com/upload/portal/20210514/b28e46bb95d276a4a10ee619b58a9346.png]
[en.t-firefly.com/doc/download/95.html]
[en.t-firefly.com/upload/portal/20210409/4749c74daf5307d77c3f5def6b159224.png]
[en.t-firefly.com/doc/download/92.html]
[en.t-firefly.com/upload/portal/20200316/9cf517f20ccbce64bf0dd96344748226.png]
[en.t-firefly.com/doc/download/76.html]
[en.t-firefly.com/upload/portal/20180915/2e0de86845a8a997c53ad4edefb7054e.png]
[en.t-firefly.com/doc/download/55.html]
[en.t-firefly.com/upload/portal/20200316/e1a5cabef5c123d9bfef24fa95dde50f.png]
[en.t-firefly.com/doc/download/77.html]
[en.t-firefly.com/upload/portal/20200715/506a358048362f987d908eb15d39fa75.png]
[en.t-firefly.com/doc/download/79.html]
[en.t-firefly.com/upload/portal/20180915/9551a6383cc0bbb86fcff198a16bf38c.png]
[en.t-firefly.com/doc/download/56.html]
[en.t-firefly.com/upload/portal/20210830/d97d29eedcfe9da3a83b4d33b42c5a12.png]
[en.t-firefly.com/doc/download/108.html]
[en.t-firefly.com/upload/portal/20200331/9638a74450568bfe9064e5a811a91959.png]
[en.t-firefly.com/doc/download/75.html]
[en.t-firefly.com/upload/portal/20190617/779b93fee75736a02e4790b6ad10e663.png]
[en.t-firefly.com/doc/download/68.html]
[en.t-firefly.com/upload/portal/20180915/55832af5897b1b8803dd928196e3c454.png]
[en.t-firefly.com/doc/download/57.html]
[en.t-firefly.com/upload/portal/20180915/8fc8cd6d4490acb50485dbd4cd5a7f41.png]
[en.t-firefly.com/doc/download/40.html]
[en.t-firefly.com/upload/portal/20210224/f3f35be36ecdfae86d0f40ca62362f56.png]
[en.t-firefly.com/doc/download/71.html]
[en.t-firefly.com/upload/portal/20210224/6bf5585c8988e8553760473eb515ee09.png]
[en.t-firefly.com/doc/download/80.html]
[en.t-firefly.com/upload/portal/20180710/4eaf395f898ea333209ae4fb7d08b966.png]
[en.t-firefly.com/doc/download/49.html]
[en.t-firefly.com/upload/portal/20200117/d502863eba095d45fdae3a3eaa51aaa5.png]
[en.t-firefly.com/doc/download/72.html]
[en.t-firefly.com/doc/download/86.html]
[en.t-firefly.com/doc/download/85.html]
[en.t-firefly.com/upload/portal/20180710/6f56323ca05e9780fa882410e9526414.png]
[en.t-firefly.com/upload/admin/20220416/fbb031eda47b90c284e074535f87f9a2.png]
[en.t-firefly.com/doc/download/45.html]
[en.t-firefly.com/upload/portal/20210907/b9dca92511d1ba8bd656845afc4de035.jpg]
[en.t-firefly.com/doc/download/109.html]
[en.t-firefly.com/upload/portal/20181116/10b3271947d3537412e2e068b8c26a54.png]
[en.t-firefly.com/doc/download/58.html]
[en.t-firefly.com/upload/portal/20211027/9933b3f4435e6566153f659dacee7f0e.jpg]
[en.t-firefly.com/doc/download/114.html]
[en.t-firefly.com/upload/portal/20211027/b2853e58621adba93f70770a27c865f2.jpg]
[en.t-firefly.com/doc/download/115.html]
[en.t-firefly.com/upload/portal/20211030/77e5b3d2457deccc7c259f05d4fedd8b.png]
[en.t-firefly.com/doc/download/116.html]
[en.t-firefly.com/upload/portal/20211030/e0dfc7c816f4219dfc333ff4bcad322b.png]
[en.t-firefly.com/doc/download/118.html]
[en.t-firefly.com/upload/portal/20211030/e92e2f3123b5520ba694350d127320a6.png]
[en.t-firefly.com/doc/download/119.html]
[en.t-firefly.com/upload/portal/20211030/6f7a40cfb44a61bd50ef5768a43b2774.png]
[en.t-firefly.com/doc/download/120.html]
[en.t-firefly.com/upload/portal/20220512/07bf298219bdc3b7bf21099d0b5a09e5.png]
[en.t-firefly.com/doc/download/148.html]
[en.t-firefly.com/themes/t-firefly/public/assets/images/product_active.html]
[en.t-firefly.com/themes/t-firefly/public/assets/css/assets/images/board/checkin.html]
[en.t-firefly.com/themes/t-firefly/public/assets/css/template/image/jian.html]
[en.t-firefly.com/themes/t-firefly/public/assets/css/template/image/quick_mid.html]
[en.t-firefly.com/themes/t-firefly/public/assets/css/template/image/quick_head.html]
[en.t-firefly.com/themes/t-firefly/public/assets/css/template/image/quick_buttom.html]
[en.t-firefly.com/themes/t-firefly/public/assets/css/assets/images/board/resour_c.html]
[en.t-firefly.com/doc/download/src.html]
